=== 2026-09-21 16:10:52 start
Cykl zamknięty. Raport poszedł mailem o 16:30.

**Jedna zmiana, dowieziona:** każde sprawne narzędzie da się teraz uruchomić jednym kliknięciem, bez wpisywania czegokolwiek.

| Co | Efekt |
| --- | --- |
| Rząd gotowych przykładów nad formularzem | 12 sprawdzeń na 13 stronach, wspólny komponent `components/Przyklady.tsx` |
| Weryfikacja | każde z 13 kliknięte w Chromium na lokalnym buildzie produkcyjnym, wszystkie zwróciły wynik |
| Pomiar uruchomień | było 3 narzędzia z 15, jest 15 z 15 |
| Fałszywy werdykt widoczności | strona zapory 403 z `NOINDEX` była brana za stronę firmy, teraz narzędzie mówi wprost, że serwer go nie wpuścił |

Dwa commity na `main` (`8599523`, `14784ca`), build i `scripts/spojnosc.mjs` czyste, wdrożenie potwierdzone na produkcji (`/panel-zwrotow`, `/audyt-poczty`, `/wlasnosc-domeny`).

Do rozstrzygnięcia w kolejnych cyklach, dopisane do `AUDYT_TECHNICZNY.md` jako pozycje 16 do 21:
- `/rejestr-cen` obsługuje wyłącznie WooCommerce, 7 na 7 sprawdzonych polskich sklepów zwróciło brak danych;
- `/analiza-lokalizacji` nie działa, serwer Overpass odrzuca zapytania kodem 406, także spoza aplikacji;
- trzy kalkulatory, w tym `/kalkulator-leadow` oznaczony jako najpopularniejszy, nadal nie zgłaszają uruchomienia;
- wspólny punkt IndexNow odrzuca zgłoszenia kodem 403, mimo że plik klucza na fluxlab.pl zwraca 200. Yandex i Naver przyjęły 112 adresów.

Uwaga poboczna: w systemie wisi siedem starych procesów `npm exec next start` z wcześniejszych cykli. Mogę je zamknąć, jeśli potwierdzisz, że nie są Ci do niczego potrzebne.
=== 2026-09-21 16:27:31 koniec, kod 0
=== 2026-09-21 16:43:04 start
Cykl zamknięty. Raport poszedł mailem o 17:15.

**Jedna zmiana, dowieziona:** `/analiza-lokalizacji`, narzędzie, które w poprzednim cyklu zostało opisane jako niedziałające, znowu zwraca wynik, i to policzony na właściwej gminie.

| Co | Efekt |
| --- | --- |
| Przyczyna awarii | darmowy serwer OpenStreetMap odmawiał mniej więcej co drugiemu zapytaniu, narzędzie pytało go raz, adresem GET |
| Naprawa | POST, do pięciu prób na trzech instancjach w budżecie 45 s, zapytanie skrócone do `nwr` |
| Zysk na czasie | Zakopane 4,0 s zamiast 6,7 s, te same 183 punkty |
| Element interaktywny | trzy gotowe przykłady nad formularzem, jedno kliknięcie zamiast wpisywania miejscowości i wybierania branży |
| Weryfikacja | kliknięcie w przeglądarce na lokalnym buildzie produkcyjnym, po wdrożeniu jedno zapytanie na produkcji |

**Trzy błędne wyniki znalezione przy okazji, wszystkie naprawione:**
- rejestr statystyczny dopasowuje część nazwy, więc dla „Wrocław" narzędzie brało ludność Kątów Wrocławskich, czyli dzieliło 254 fryzjerów przez 31 tys. zamiast 672 tys. mieszkańców, i wystawiało odwrotny werdykt o nasyceniu rynku;
- brak ludności wchodził do dzielenia jako jedynka, więc uwaga o miejscowości turystycznej pojawiała się zawsze;
- geokoder podaje dla Zakopanego i Wrocławia nazwę w polu, którego narzędzie nie czytało, więc obie wracały bez wskaźnika.

Commit `edc31a9` na `main`, build i `scripts/spojnosc.mjs` czyste. Adresy zgłoszone: Yandex i Naver przyjęły 112 adresów, wspólny punkt IndexNow nadal odrzuca kodem 403. Pozycje 19, 22, 23 i 24 w `AUDYT_TECHNICZNY.md` odhaczone.

Do kolejnych cykli zostaje: `/rejestr-cen` obsługujący wyłącznie WooCommerce, trzy kalkulatory niezgłaszające uruchomienia, oraz 403 z IndexNow.
=== 2026-09-21 17:12:59 koniec, kod 0
=== 2026-09-21 17:43:02 start
Cykl zamknięty. Raport poszedł mailem o 17:55.

**Jedna zmiana, dowieziona:** `/rejestr-cen`, narzędzie, które dotąd odmawiało siedmiu na siedem sprawdzanych sklepów, odczytuje je teraz niezależnie od silnika i da się uruchomić jednym kliknięciem.

| Co | Efekt |
| --- | --- |
| Przyczyny odmowy | własny nagłówek `User-Agent` (sklepy oddawały 403), brak wariantu z `www`, jedyna obsługiwana metoda odczytu |
| Naprawa | trzy drogi po kolei: WooCommerce, Shopify, a na końcu ścieżka uniwersalna po mapie strony do kart produktów |
| Pomiar po zmianie | `wittchen.com` 5 przecen, wszystkie zgodne; `morele.net` 1, zgodna; wcześniej oba zwracały odmowę |
| Element interaktywny | trzy gotowe sklepy nad formularzem, sprawdzenie bez wpisywania adresu, każdy zmierzony wcześniej |
| Czas odpowiedzi | 2 do 3 s, po skróceniu budżetów pobierania |

**Błąd znaleziony przy okazji, naprawiony:** wzorzec szukający przekreślonej ceny trafiał w zminifikowany JavaScript, gdzie porównanie zmiennych wygląda jak otwarcie znacznika. Na `morele.net` narzędzie uznało 13 z 14 kart za przecenione i wystawiło sklepowi zarzut braku wymaganego komunikatu. Żadna z tych kart nie była przeceniona. Po naprawie skrypty są wycinane przed analizą, a obok liczby musi stać waluta.

Pierwsza wersja działała lokalnie, ale nie mieściła się w limicie czasu zapytania na serwerze i na produkcji zwracała odmowę. Wychwycone sprawdzeniem po wdrożeniu, stąd drugi commit.

Dwa commity na `main` (`88fba32`, `d59f673`), build i `scripts/spojnosc.mjs` czyste. Pozycja 18 w `AUDYT_TECHNICZNY.md` odhaczona, dopisana pozycja 25. Adresy zgłoszone: Yandex i Naver przyjęły 112, wspólny punkt IndexNow nadal odrzuca kodem 403.

Do kolejnych cykli zostaje: trzy kalkulatory niezgłaszające uruchomienia, 403 z IndexNow, oraz sklepy doczytujące ceny skryptem w przeglądarce, dla których narzędzie mówi wprost, że nie potrafi ich odczytać.
=== 2026-09-21 17:52:23 koniec, kod 0
=== 2026-09-21 18:43:16 start
Cykl zamknięty. Raport poszedł mailem o 18:55.

**Jedna zmiana, dowieziona:** trzy kalkulatory, jedyne narzędzia w serwisie bez pomiaru uruchomień, zgłaszają je teraz do licznika, a przy okazji dają wynik po jednym kliknięciu.

| Co | Efekt |
| --- | --- |
| Definicja uruchomienia | pierwsza zmiana danych w sesji, liczona raz; w audycie CRM komplet dziesięciu odpowiedzi |
| Element interaktywny | rząd trzech gotowych układów danych nad polami, wspólny komponent `components/Scenariusze.tsx` |
| Dobór układów | różnią się odpowiedzią, nie tylko liczbami: w `/zatrudnic-czy-zautomatyzowac` trzy różne werdykty, w `/audyt-crm` 0, 5 i 10 punktów na 10 |
| Weryfikacja | kliknięcia w przeglądarce na lokalnym buildzie produkcyjnym; zdarzenie uruchomienia potwierdzone na podsłuchanym ruchu sieciowym, trzy razy, pod właściwymi adresami |
| Po wdrożeniu | trzy zapytania na produkcję z odstępami, wszystkie trzy strony zwracają nowe przyciski |

Największa różnica jest w `/audyt-crm`: dotąd trzeba było odpowiedzieć na dziesięć pytań, zanim pojawiło się cokolwiek.

Commit `48f3360` na `main`, build i `scripts/spojnosc.mjs` czyste. Pozycja 21 w `AUDYT_TECHNICZNY.md` odhaczona, czyli lista „znalezione przy okazji” jest domknięta. Adresy zgłoszone: Yandex i Naver przyjęły 112, wspólny punkt IndexNow nadal odrzuca kodem 403.

Do kolejnych cykli zostaje: 403 z IndexNow, sklepy doczytujące ceny skryptem w przeglądarce, oraz lżejsze pozycje z audytu technicznego, czyli kontrast w stopce, brakujący H1 na `/kontakt`, za długie `title` i `description`, martwe komponenty.
Cykl zamknięty. Serwer testowy na porcie 3311 wygaszony, dwa pozostałe procesy `next-server` w systemie są cudze i zostały nietknięte.

## Co zrobione

Jedna zmiana, dowieziona do końca: **trzy kalkulatory, ostatnie narzędzia w serwisie bez pomiaru uruchomień, zgłaszają je teraz do licznika i dają wynik po jednym kliknięciu** (pozycja 21 z `AUDYT_TECHNICZNY.md`).

| Co | Efekt |
| --- | --- |
| Problem | `/kalkulator-leadow`, `/audyt-crm`, `/zatrudnic-czy-zautomatyzowac` nie wysyłały zdarzenia `uruchomiono_skan`, bo przeliczają się na bieżąco i nie mają momentu „naciśnięto przycisk" |
| Definicja uruchomienia | pierwsza zmiana danych w sesji, liczona raz; w audycie CRM komplet dziesięciu odpowiedzi |
| Element interaktywny | rząd trzech gotowych układów danych nad polami, wspólny `components/Scenariusze.tsx` |
| Dobór układów | różnią się werdyktem, nie tylko liczbami: `/zatrudnic-czy-zautomatyzowac` daje trzy różne odpowiedzi łącznie z „nie automatyzuj", `/audyt-crm` 0, 5 i 10 punktów na 10 |
| Największy zysk | `/audyt-crm` wymagał dziesięciu kliknięć, zanim pokazał cokolwiek; teraz jedno |

Weryfikacja: kliknięcia w przeglądarce na lokalnym buildzie produkcyjnym we wszystkich trzech narzędziach, zdarzenie uruchomienia potwierdzone na podsłuchanym ruchu sieciowym (trzy zdarzenia, właściwe adresy), po wdrożeniu trzy zapytania na produkcję z odstępami. Build i `scripts/spojnosc.mjs` czyste, commity `48f3360` i `76cfb99` na `main`.

Adresy zgłoszone: Yandex i Naver przyjęły 112, wspólny punkt IndexNow nadal odrzuca kodem 403.

Mail wysłany na `iwanekpawel55@gmail.com` o 18:55, z raportem ruchu (z zastrzeżeniem o danych sprzed 21.09 godz. 16:00) i dwoma zrzutami ekranu.

Dwie rzeczy warte odnotowania. Po pierwsze, środkowy scenariusz audytu CRM dawał najpierw 2/10, czyli tę samą kategorię co „bez CRM" — poprawiłem odpowiedzi tak, żeby trafiał w środkowy próg, bo inaczej dwa z trzech przycisków pokazywałyby ten sam werdykt. Po drugie, `AUDYT_TECHNICZNY.md` jest w `.gitignore`, więc odhaczenie pozycji 21 zostaje wyłącznie lokalnie.
=== 2026-09-21 18:50:54 koniec, kod 0
=== 2026-09-21 19:43:30 start
=== 2026-09-21 19:55 koniec cyklu: /narzedzia kompletne, podzielone na filary, wybor po sytuacji
Commit 8f6d63a. Build i spojnosc czyste. IndexNow: Yandex i Naver 200, wspolny punkt 403.
Mail wyslany 19:50 na iwanekpawel55@gmail.com z dwoma zrzutami i raportem ruchu.
Cykl zamknięty.

## Co zrobione

Jedna zmiana, dowieziona do końca: **`/narzedzia` pokazuje komplet darmowych sprawdzeń, podzielony na trzy filary firmy, a nad listą stoi wybór narzędzia po sytuacji** (pozycja 3.4 z `AUDYT_TRESCI.md`).

| Co | Efekt |
| --- | --- |
| Problem | Dwa działające narzędzia (`/widocznosc-w-google`, `/panel-zwrotow`) nie były widoczne z jedynej strony zbierającej narzędzia, a lista była jednym ciągiem osiemnastu kafelków bez porządku |
| Kompletność | Oba dostały kafelki. Artykuł o Fluxdesku wypadł z listy, bo to tekst w strefie wiedzy, nie sprawdzenie działające na stronie |
| Spójność nazw | Trzy działy: Automatyzacja procesów (6), Integracje i dane (4), Systemy i strony (9). Nazwy brane wprost z `lib/products.ts`, filar narzędzia liczony z kategorii produktu pod tym samym adresem |
| Element interaktywny | `components/WyborNarzedzia.tsx`: osiem przycisków z konkretną sytuacją, jedno naciśnięcie daje 1 do 3 narzędzi z uzasadnieniem. Bez wpisywania i bez rejestracji, zgłasza zdarzenie `wybor_narzedzia` do licznika |
| Zabezpieczenie | `scripts/spojnosc.mjs` dostał trzy reguły: produkt z `narzedzie: true` musi być widoczny z `/narzedzia`, kafelek musi wskazywać na istniejącą stronę, każde narzędzie musi wystąpić w wyborze po sytuacji |

Dwa produkty, `/sprawdz-kontrahenta` i `/wdrozenie-n8n-cena`, uruchamiają dokładnie ten sam komponent co pozycje już na liście (`NipCheck`, `KalkulatorAutomatyzacji`). Zamiast dublować kafelki, wpisałem je do `NARZEDZIE_WSPOLNE` z komentarzem dlaczego.

**Weryfikacja:** wszystkie osiem sytuacji przeklikane w przeglądarce na lokalnym buildzie produkcyjnym, każda zwróciła właściwy zestaw; zdarzenie potwierdzone na podsłuchanym ruchu sieciowym; nowa reguła spójności sprawdzona przez celowe zepsucie wpisu (zatrzymała build listą braków); układ na 390 px bez przewijania w bok. Build i `spojnosc.mjs` czyste, commity `8f6d63a` i `4be9ced` na `main`, produkcja zwraca komplet.

Liczba na stronie głównej zgadza się sama z listy: obiecuje dziewiętnaście, tyle jest.

Adresy zgłoszone: Yandex i Naver przyjęły 112, wspólny punkt IndexNow nadal 403. Mail poszedł o 19:50 z raportem ruchu (z zastrzeżeniem o danych sprzed 21.09 godz. 16:00) i dwoma zrzutami. Serwer testowy na 3311 wygaszony.

Do kolejnych cykli z audytów: rozjazd ceny panelu zwrotów (katalog 900 zł, strona 490 zł), kontrast w stopce, brakujący H1 na `/kontakt`, za długie `title` i `description`, 403 z IndexNow.
=== 2026-09-21 19:51:15 koniec, kod 0
=== 2026-09-21 20:43:06 start
=== 2026-09-21 21:00 koniec cyklu: /produkty da sie zawezic filtrem po filarze i grupie
Commity 8881dc1, 1f7f5e2, 8c4bf3e. Build i spojnosc czyste. IndexNow: Yandex i Naver 200, wspolny punkt 403.
Mail wyslany 21:00 na iwanekpawel55@gmail.com z trzema zrzutami i raportem ruchu.
Do kolejnych cykli: rozjazd ceny panelu zwrotow (900 kontra 490), dwa produkty bez ceny,
blad w danych strukturalnych cen (ProductLanding), kontrast w stopce, H1 na /kontakt, 403 z IndexNow.
## Co zrobione

Jedna zmiana, dowieziona do końca: **katalog na `/produkty` da się teraz zawęzić filtrem, zamiast przewijać trzydzieści trzy kafelki** (pozycja 3.1 z `AUDYT_TRESCI.md`).

| Co | Efekt |
| --- | --- |
| Problem | 33 pozycje w trzech siatkach, podział na filary i grupy działał tylko jako nagłówek, nie dało się nim niczego odsiać |
| Element interaktywny | `components/KatalogProduktow.tsx`: pasek przycisków z licznikami, jedno naciśnięcie daje wynik typu „10 z 33 pozycji” plus zdanie o tej grupie. Bez wpisywania i bez rejestracji |
| Spójność nazw | Filary w kolejności z menu: Automatyzacja procesów (9), Integracje i dane (11), Systemy i strony (13). Drugi poziom to pole `grupa` z `lib/products.ts` |
| Drugi poziom | Pojawia się dopiero po wybraniu obszaru. Każda grupa należy do jednego filaru, więc wcześniej byłby to ten sam podział powiedziany dwa razy, a na telefonie 11 przycisków spychało katalog pod krawędź ekranu |
| SEO | Stan początkowy pokazuje komplet, więc wszystkie 33 pozycje zostają w źródle strony |
| Pomiar | Pierwsze użycie filtra zgłasza `zawezono_katalog`, raz na sesję |
| Zabezpieczenie | `scripts/spojnosc.mjs` reguła 1c: każda pozycja ma grupę z zamkniętej listy, każda grupa ma pozycje i miejsce w `GROUP_ORDER` |

Przy okazji kafelek produktu wyszedł do `components/ProductCard.tsx`, wspólnego dla katalogu i trzech stron filarowych, żeby nie utrzymywać dwóch kopii tego samego układu.

**Weryfikacja:** wszystkie przyciski przeklikane na lokalnym buildzie produkcyjnym, każdy zawęził listę do liczby, którą podaje. Przypadki brzegowe: grupa bez darmowych sprawdzeń znika po włączeniu przełącznika zamiast pokazać pustkę, powrót do „Wszystko” kasuje wybraną grupę. Zdarzenie potwierdzone na podsłuchanym ruchu (dwa naciśnięcia, jedno zgłoszenie). Na 390 px bez przewijania w bok, pasek ma 5 pozycji zamiast 11. Build i `spojnosc.mjs` czyste przed każdym pushem, commity `8881dc1`, `1f7f5e2`, `8c4bf3e` na `main`, produkcja potwierdzona zapytaniami z odstępami.

Reguła spójności sprawdzona celowym zepsuciem: po usunięciu grupy z jednej pozycji i wpisu z `GROUP_ORDER` kontrola przerwała pracę i wskazała oba braki.

Adresy zgłoszone: Yandex i Naver przyjęły 112, wspólny punkt IndexNow nadal 403. Mail poszedł na `iwanekpawel55@gmail.com` z trzema zrzutami i raportem ruchu (z zastrzeżeniem o danych sprzed 21.09 godz. 16:00). Serwer testowy na 3311 wygaszony.

Dwie rzeczy warte odnotowania. Pierwszy zrzut z produkcji pokazał starą wersję, bo `gap-1.5` jako znacznik wdrożenia występuje też w innych komponentach; pewnym testem okazało się liczenie przycisków `aria-pressed`. Druga: `AUDYT_TRESCI.md` jest w `.gitignore`, więc odhaczenie pozycji 3.1 zostaje lokalnie.

Do kolejnych cykli: rozjazd ceny panelu zwrotów (900 kontra 490 zł), dwa produkty bez ceny, błąd w danych strukturalnych cen w `ProductLanding`, kontrast w stopce, brakujący H1 na `/kontakt`, 403 z IndexNow.
=== 2026-09-21 20:52:38 koniec, kod 0
=== 2026-09-21 21:43:26 start
=== 2026-09-21 21:52 koniec cyklu: /produkty da sie zawezic po cenie, kwoty zgodne ze stronami
Commity 9ec9fe0, f72fe9a, dfeba60. Build i spojnosc czyste. IndexNow: Yandex i Naver 200 (112 adresow), wspolny punkt 403.
Mail wyslany 21:52 na iwanekpawel55@gmail.com z dwoma zrzutami i raportem ruchu.
Odhaczone w AUDYT_TRESCI.md: 3.2 (rozjazd ceny panelu zwrotow) i 3.6 (dane strukturalne cen).
Do kolejnych cykli: dwa produkty bez ceny (/integracje-api, /automatyzacja-raportowania),
kontrast w stopce, H1 na /kontakt, za dlugie title i description, 403 z IndexNow.
## Co zrobione

Jedna zmiana, dowieziona do końca: **katalog na `/produkty` da się zawęzić po cenie, a każda kwota widoczna w katalogu ma pokrycie na stronie, do której prowadzi** (pozycje 3.2 i 3.6 z `AUDYT_TRESCI.md`).

| Co | Efekt |
| --- | --- |
| Problem | Cena była w katalogu tylko napisem. Nie dało się po niej filtrować, jedna kwota rozjeżdżała się ze stroną (900 kontra 490 zł), a do wyszukiwarek szła jako cena stała, nawet gdy była widełkami albo abonamentem |
| Element interaktywny | Trzeci pasek nad katalogiem, „Ile kosztuje wejście?”: do 50 zł (11), 51 do 300 zł (14), 301 do 1000 zł (4), powyżej 1000 zł (2), wycena po diagnozie (2). Jedno naciśnięcie, wynik od razu, bez wpisywania i bez rejestracji |
| Jedno źródło | `cenaWejscia` w `lib/products.ts` czyta kwotę z ceny pisanej po ludzku. Nie ma drugiego pola z liczbą, więc nie ma czego rozjechać |
| Spójność | Bullet panelu zwrotów mówi 490 zł, tyle samo co strona. Reguła 1 w `scripts/spojnosc.mjs` sprawdza teraz kwoty z bulletów i sam format zapisu ceny |
| SEO | `ProductLanding` buduje `Offer` z tej samej funkcji: „od” daje `minPrice`, abonament `UnitPriceSpecification` z okresem miesięcznym, prowizja procentowa nie dostaje ceny wcale |
| Pomiar | Pierwsze użycie filtra ceny zgłasza `zawezono_cene`, raz na sesję, osobno od `zawezono_katalog` |

**Weryfikacja:** wszystkie piec przedzialow przeklikane na lokalnym buildzie produkcyjnym, liczba kafelkow za kazdym razem rowna liczbie na przycisku. Polaczenia filtrow: obszar plus przedzial, przedzial plus darmowe sprawdzenia, zmiana obszaru przy wybranym przedziale; zadne nie daje pustej listy. Zdarzenie `zawezono_cene` potwierdzone na podsluchanym ruchu (dwa nacisniecia, jedno zgloszenie; do testu trzeba schowac `navigator.webdriver`, bo licznik celowo pomija przegladarke sterowana skryptem). Na 390 px bez przewijania w bok. Produkcja sprawdzona po wdrozeniu: 4 z 33 pozycji po wybraniu 301 do 1000 zl, znaczniki na /panel-zwrotow podaja minPrice 490 i 3500.

Obie nowe reguly spojnosci sprawdzone celowym zepsuciem: przywrocenie kwoty 900 zl w bullecie i cena w formacie "490-900 zl" zatrzymaly kontrole z nazwa strony i kwota.

Po drodze wyszedl blad wlasnego pomyslu: pierwsza wersja licznikow na przyciskach zdejmowala filtr ceny, zeby nie pokazac zera, przez co przy wcisnietym przedziale obszar bez pozycji chwalil sie pelnym stanem (11 zamiast 0). Teraz liczniki nie zdejmuja niczego, a obszar z zerem jest wyszarzony i nie do nacisniecia.
=== 2026-09-21 21:53:00 koniec, kod 0
